<p>I'm global: Written by Mr. HelloWorld</p>
<p>Me too: Hello from textspec.json</p>
<p>I'm local and this template is called: globalJsonGlobbedTemplate</p>